// Jest Snapshot v1, https://goo.gl/fbAQLP

exports[`Loading should render properly 1`] = `
<DocumentFragment>
  <div
    class="css-1wk4bom"
  >
    Loading...
  </div>
</DocumentFragment>
`;
