// Jest Snapshot v1, https://goo.gl/fbAQLP

exports[`OfferShortDescription should render properly 1`] = `
<DocumentFragment>
  <div
    class="css-5h0skw"
  >
    4 pers., 2 bedrooms, 4242m
    <sup>
      2
    </sup>
  </div>
</DocumentFragment>
`;
