// Jest Snapshot v1, https://goo.gl/fbAQLP

exports[`Rating should render properly 1`] = `
<DocumentFragment>
  <div
    class="css-dmeso1"
  >
    Rating: 4.5 (5 votes)
  </div>
</DocumentFragment>
`;
